{
    "@context": "\/api\/v2\/contexts\/ConstraintViolationList",
    "@type": "ConstraintViolationList",
    "hydra:title": "An error occurred",
    "hydra:description": "Vendor for current user already exist",
    "violations": [
        {
            "propertyPath": "",
            "message": "Vendor for current user already exist",
            "code": null
        }
    ]
}