{
    "@context": "\/api\/v2\/contexts\/Vendor",
    "@id": "\/api\/v2\/shop\/account\/vendors\/@integer@",
    "@type": "Vendor",
    "id": "@integer@",
    "companyName": "Wayland Corp",
    "taxIdentifier": "345",
    "phoneNumber": "123456789",
    "vendorAddress": {
        "@type": "VendorAddress",
        "country": "\/api\/v2\/shop\/countries\/PL",
        "city": "Warszawa",
        "street": "Jasna 1",
        "postalCode": "12-123"
    },
    "slug": "Wayland-Corp",
    "description": "Wayland Corp Desc"
}