{
    "@context": "\/api\/v2\/contexts\/ProductListing",
    "@id": "\/api\/v2\/shop\/account\/product-listings",
    "@type": "hydra:Collection",
    "hydra:member": [
        {
            "@id": "\/api\/v2\/shop\/account\/product-listings\/@integer@",
            "@type": "ProductListing",
            "id": "@integer@",
            "code": "product_listing_bruce_1",
            "enabled": true,
            "verificationStatus": "created",
            "latestDraft": {
                "@id": "\/api\/v2\/shop\/account\/product-drafts\/@integer@",
                "@type": "ProductDraft",
                "id": "@integer@",
                "code": "product_draft_bruce_1",
                "status": "created",
                "verifiedAt": null,
                "publishedAt": null,
                "images": [
                    {
                        "@type": "ProductDraftImage",
                        "id": "@integer@",
                        "path": "\/dummy\/file\/path"
                    }
                ],
                "translations": {
                    "en_US": {
                        "@id": "\/api\/v2\/shop\/account\/draft-product-translations\/@integer@",
                        "@type": "DraftProductTranslation",
                        "id": "@integer@",
                        "name": "product_draft_bruce_1_translations_us",
                        "slug": "product_draft_bruce_1_translations_us",
                        "description": null,
                        "metaKeywords": null,
                        "metaDescription": null,
                        "shortDescription": null,
                        "locale": "en_US"
                    }
                },
                "productListingPrices": {
                    "CODE": {
                        "@type": "ProductListingPrice",
                        "id": "@integer@",
                        "price": 100,
                        "originalPrice": 80,
                        "minimumPrice": 90,
                        "channelCode": "CODE"
                    }
                },
                "attributes": [
                    {
                        "@type": "DraftAttributeValue",
                        "id": "@integer@",
                        "attribute": "\/api\/v2\/shop\/account\/draft-attributes\/@integer@",
                        "value": "example value"
                    }
                ],
                "mainTaxon": "\/api\/v2\/shop\/taxons\/CATEGORY",
                "productDraftTaxons": [
                    {
                        "@type": "ProductDraftTaxon",
                        "id": "@integer@",
                        "taxon": "\/api\/v2\/shop\/taxons\/MUG",
                        "position": 1
                    }
                ]
            },
            "product": null,
            "lastVerifiedAt": null
        }
    ],
    "hydra:totalItems": 1
}