{
    "@context": "\/api\/v2\/contexts\/ProductListing",
    "@id": "\/api\/v2\/shop\/account\/product-listings\/@integer@",
    "@type": "ProductListing",
    "id": "@integer@",
    "code": "product_listing_bruce_1",
    "enabled": true,
    "verificationStatus": "created",
    "latestDraft": {
        "@type": "ProductDraft",
        "id": "@integer@",
        "code": "product_draft_bruce_1",
        "isVerified": false,
        "status": "created",
        "verifiedAt": null,
        "publishedAt": null,
        "images": [],
        "translations": {
            "en_US": {
                "@type": "ProductTranslation",
                "id": "@integer@",
                "name": "product_draft_bruce_1_translations_us",
                "slug": "product_draft_bruce_1_translations_us",
                "description": null,
                "metaKeywords": null,
                "metaDescription": null,
                "shortDescription": null,
                "locale": "en_US"
            }
        },
        "productListingPrice": [],
        "attributes": [],
        "mainTaxon": null,
        "productDraftTaxons": []
    },
    "product": null,
    "lastVerifiedAt": null
}