{
    "@context": "\/api\/v2\/contexts\/DraftAttribute",
    "@id": "\/api\/v2\/shop\/account\/draft-attributes",
    "@type": "hydra:Collection",
    "hydra:member": [
        {
            "@id": "\/api\/v2\/shop\/account\/draft-attributes\/@integer@",
            "@type": "DraftAttribute",
            "vendor": "\/api\/v2\/shop\/vendors\/@integer@",
            "id": "@integer@",
            "code": "attribute_bruce_1",
            "type": "text",
            "configuration": [],
            "storageType": "text",
            "position": "@integer@",
            "translations": {
                "en_US": {
                    "@type": "DraftAttributeTranslation",
                    "id": "@integer@",
                    "name": "attribute_bruce_1_us",
                    "locale": "en_US"
                }
            }
        }
    ],
    "hydra:totalItems": 1
}