{
    "code": 500,
    "message": "Invalid IRI \u0022@string@\u0022."
}